UVM_INFO @ 0: reporter [RNTST] Running test hazard_test...
UVM_INFO xlnx_uvm_package.sv(18752) @ 0: reporter [UVMTOP] UVM testbench topology:
--------------------------------------------------------------
Name                       Type                    Size  Value
--------------------------------------------------------------
uvm_test_top               hazard_test             -     @339 
  env                      hazard_env              -     @352 
    agent                  hazard_agent            -     @361 
      drv                  hazard_driver           -     @536 
        rsp_port           uvm_analysis_port       -     @555 
        seq_item_port      uvm_seq_item_pull_port  -     @545 
      mon                  hazard_monitor          -     @565 
        ap                 uvm_analysis_port       -     @575 
      seqr                 uvm_sequencer           -     @399 
        rsp_export         uvm_analysis_export     -     @408 
        seq_item_export    uvm_seq_item_pull_imp   -     @526 
        arbitration_queue  array                   0     -    
        lock_queue         array                   0     -    
        num_last_reqs      integral                32    'd1  
        num_last_rsps      integral                32    'd1  
    cov                    hazard_coverage         -     @370 
      analysis_imp         uvm_analysis_imp        -     @379 
    scb                    hazard_scoreboard       -     @389 
      item_imp             uvm_analysis_imp        -     @591 
--------------------------------------------------------------

UVM_INFO xlnx_uvm_package.sv(20867) @ 0: reporter [UVM/COMP/NAMECHECK] This implementation of the component name checks requires DPI to be enabled
UVM_INFO hazard_pkg.sv(156) @ 0: uvm_test_top.env.agent.seqr@@dseq [DIR_SEQ] Scenario 1: No hazard
UVM_INFO hazard_pkg.sv(156) @ 95000: uvm_test_top.env.agent.seqr@@dseq [DIR_SEQ] Scenario 2: ForwardAE from MEM (10)
UVM_INFO hazard_pkg.sv(156) @ 195000: uvm_test_top.env.agent.seqr@@dseq [DIR_SEQ] Scenario 3: ForwardAE from WB (01)
UVM_INFO hazard_pkg.sv(156) @ 295000: uvm_test_top.env.agent.seqr@@dseq [DIR_SEQ] Scenario 4: ForwardAE priority: MEM beats WB
UVM_INFO hazard_pkg.sv(156) @ 395000: uvm_test_top.env.agent.seqr@@dseq [DIR_SEQ] Scenario 5: ForwardAE match but RegWrite=0
UVM_INFO hazard_pkg.sv(156) @ 495000: uvm_test_top.env.agent.seqr@@dseq [DIR_SEQ] Scenario 6: ForwardAE: x0 never forwarded
UVM_INFO hazard_pkg.sv(156) @ 595000: uvm_test_top.env.agent.seqr@@dseq [DIR_SEQ] Scenario 7: ForwardBE from MEM (10)
UVM_INFO hazard_pkg.sv(156) @ 695000: uvm_test_top.env.agent.seqr@@dseq [DIR_SEQ] Scenario 8: ForwardBE from WB (01)
UVM_INFO hazard_pkg.sv(156) @ 795000: uvm_test_top.env.agent.seqr@@dseq [DIR_SEQ] Scenario 9: ForwardBE priority: MEM beats WB
UVM_INFO hazard_pkg.sv(156) @ 895000: uvm_test_top.env.agent.seqr@@dseq [DIR_SEQ] Scenario 10: ForwardBE: x0 never forwarded
UVM_INFO hazard_pkg.sv(156) @ 995000: uvm_test_top.env.agent.seqr@@dseq [DIR_SEQ] Scenario 11: Both operands forwarded
UVM_INFO hazard_pkg.sv(156) @ 1095000: uvm_test_top.env.agent.seqr@@dseq [DIR_SEQ] Scenario 12: Load-use stall on Rs1D
UVM_INFO hazard_pkg.sv(156) @ 1195000: uvm_test_top.env.agent.seqr@@dseq [DIR_SEQ] Scenario 13: Load-use stall on Rs2D
UVM_INFO hazard_pkg.sv(156) @ 1295000: uvm_test_top.env.agent.seqr@@dseq [DIR_SEQ] Scenario 14: Load in EX, no dependency (no stall)
UVM_INFO hazard_pkg.sv(156) @ 1395000: uvm_test_top.env.agent.seqr@@dseq [DIR_SEQ] Scenario 15: Non-load with matching Rd (no stall)
UVM_INFO hazard_pkg.sv(156) @ 1495000: uvm_test_top.env.agent.seqr@@dseq [DIR_SEQ] Scenario 16: Branch taken flush
UVM_INFO hazard_pkg.sv(156) @ 1595000: uvm_test_top.env.agent.seqr@@dseq [DIR_SEQ] Scenario 17: Branch taken + load-use stall
UVM_INFO xlnx_uvm_package.sv(19968) @ 11745000: reporter [TEST_DONE] 'run' phase is ready to proceed to the 'extract' phase
UVM_INFO hazard_pkg.sv(428) @ 11745000: uvm_test_top.env.cov [COV] Functional coverage: 99.21% (1170 samples)
UVM_INFO hazard_pkg.sv(348) @ 11745000: uvm_test_top.env.scb [SCB] Transactions checked: 1170, mismatches: 0
UVM_INFO hazard_pkg.sv(352) @ 11745000: uvm_test_top.env.scb [SCB] *** TEST PASSED ***
UVM_INFO hazard_pkg.sv(523) @ 11745000: uvm_test_top [SUMMARY] 
  ======================================================
    RISC-V RV32I Hazard Unit : UVM Verification Summary
  ======================================================
    Test                  : hazard_test
    Directed scenarios    : 17 (x10 each)
    Random transactions   : 1000
    Transactions checked  : 1170
    Scoreboard mismatches : 0
    Functional coverage   : 99.21 %
    UVM errors / fatals   : 0 / 0
  ------------------------------------------------------
    RESULT                : PASSED
  ======================================================
UVM_INFO xlnx_uvm_package.sv(13673) @ 11745000: reporter [UVM/REPORT/SERVER] 
--- UVM Report Summary ---

** Report counts by severity
UVM_INFO :   26
UVM_WARNING :    0
UVM_ERROR :    0
UVM_FATAL :    0
** Report counts by id
[COV]     1
[DIR_SEQ]    17
[RNTST]     1
[SCB]     2
[SUMMARY]     1
[TEST_DONE]     1
[UVM/COMP/NAMECHECK]     1
[UVM/RELNOTES]     1
[UVMTOP]     1

$finish called at time : 11745 ns : File "xlnx_uvm_package.sv" Line 18699
